[1] "Hello, world!"
[1] "Hello, world!"
[1] "Hello, world!"
[1] "I like repeating myself"
[1] "I like repeating myself"
[1] "I like repeating myself"
[1] "I like repeating myself"
[1] "I like repeating myself"
[1] "I like repeating myself"
[1] "I like repeating myself"
[1] "I like repeating myself"
[1] "I like repeating myself"
[1] "I like repeating myself"
[1] "Goodbye, world!"
