[1] 3
[1] 3
[1] 98
[1] "There are fewer than 3 elements in this vector."
[1] "There are fewer than 3 elements in this vector."
