 [1] "cheetah"  "cheetah"  "elephant" "elephant" "hippo"    "hippo"   
 [7] "lion"     "lion"     "panda"    "panda"    "rhino"    "rhino"   
[13] "tiger"    "tiger"   
 [1] "emu"      "emu"      "emu"      "flamingo" "flamingo" "flamingo"
 [7] "ostrich"  "ostrich"  "ostrich"  "owl"      "owl"      "owl"     
[13] "parrot"   "parrot"   "parrot"   "peacock"  "peacock"  "peacock" 
 [1] "piranha" "piranha" "piranha" "piranha" "piranha" "piranha" "shark"  
 [8] "shark"   "shark"   "shark"   "shark"   "shark"  
[1] "frog"       "mantella"   "newt"       "salamander" "toad"      
