[1] 9 8 7
[1] 0 1 2
[1] 1 0 0
[1] 561.24 800.01  98.19
[1]  0.3 -2.1
